// Jest Snapshot v1, https://goo.gl/fbAQLP

exports[`App component snapshot 1`] = `
<DocumentFragment>
  <div
    class="App"
  >
    <div>
      <form>
        <input
          name="width"
          placeholder="Width"
          type="text"
          value=""
        />
        <input
          name="height"
          placeholder="Height"
          type="text"
          value=""
        />
        <input
          name="backgroundColor"
          placeholder="Background Color"
          type="text"
          value=""
        />
        <button
          type="submit"
        >
          Add a new box
        </button>
      </form>
    </div>
  </div>
</DocumentFragment>
`;
